// Jest Snapshot v1, https://goo.gl/fbAQLP

exports[`View Component should render snapshot 1`] = `
<ViewTemplate>
  <ViewProfile />
</ViewTemplate>
`;
